
> Configure project :app
WARNING: The option setting 'android.defaults.buildfeatures.buildconfig=true' is deprecated.
The current default is 'false'.
It will be removed in version 9.0 of the Android Gradle plugin.
To keep using this feature, add the following to your module-level build.gradle files:
    android.buildFeatures.buildConfig = true
or from Android Studio, click: `Refactor` > `Migrate BuildConfig to Gradle Build Files`.
WARNING: We recommend using a newer Android Gradle plugin to use compileSdk = 36

This Android Gradle plugin (8.6.1) was tested up to compileSdk = 35.

You are strongly encouraged to update your project to use a newer
Android Gradle plugin that has been tested with compileSdk = 36.

If you are already using the latest version of the Android Gradle plugin,
you may need to wait until a newer version with support for compileSdk = 36 is available.

For more information refer to the compatibility table:
https://d.android.com/r/tools/api-level-support

To suppress this warning, add/update
    android.suppressUnsupportedCompileSdk=36
to this project's gradle.properties.

> Task :app:preBuild UP-TO-DATE
> Task :app:preDebugBuild UP-TO-DATE
> Task :app:generateDebugBuildConfig UP-TO-DATE
> Task :app:checkDebugAarMetadata UP-TO-DATE
> Task :app:generateDebugResValues UP-TO-DATE
> Task :app:injectCrashlyticsMappingFileIdDebug UP-TO-DATE
> Task :app:mapDebugSourceSetPaths UP-TO-DATE
> Task :app:generateDebugResources UP-TO-DATE
> Task :app:processDebugGoogleServices UP-TO-DATE
> Task :app:mergeDebugResources UP-TO-DATE
> Task :app:createDebugCompatibleScreenManifests UP-TO-DATE
> Task :app:extractDeepLinksDebug UP-TO-DATE
> Task :app:processDebugMainManifest UP-TO-DATE
> Task :app:processDebugManifest UP-TO-DATE
> Task :app:processDebugManifestForPackage UP-TO-DATE
> Task :app:processDebugResources UP-TO-DATE

> Task :app:compileDebugKotlin FAILED
./gradlew : e: file:///D:/clonee/filemanager/Android%20Code/app/src/main/java/com/nextguidance/filesexplorer/filemanage
r/smartfiles/fragment/AnalysisDetailFragment.kt:393:5 Conflicting overloads: private final fun 
updateSelectionTitle(count: Int): Unit defined in 
com.nextguidance.filesexplorer.filemanager.smartfiles.fragment.AnalysisDetailFragment, private final fun 
updateSelectionTitle(count: Int): Unit defined in 
com.nextguidance.filesexplorer.filemanager.smartfiles.fragment.AnalysisDetailFragment
At line:1 char:124
+ ... al\Android\Sdk"; ./gradlew compileDebugKotlin > build_errors.txt 2>&1
+                      ~~~~~~~~~~~~~~~~~~~~~~~~~~~~~~~~~~~~~~~~~~~~~~~~~~~~
    + CategoryInfo          : NotSpecified: (e: file:///D:/c...sDetailFragment:String) [], RemoteException
    + FullyQualifiedErrorId : NativeCommandError
 
e: file:///D:/clonee/filemanager/Android%20Code/app/src/main/java/com/nextguidance/filesexplorer/filemanager/smartfiles
/fragment/AnalysisDetailFragment.kt:507:13 Overload resolution ambiguity: 
private final fun updateSelectionTitle(count: Int): Unit defined in 
com.nextguidance.filesexplorer.filemanager.smartfiles.fragment.AnalysisDetailFragment
private final fun updateSelectionTitle(count: Int): Unit defined in 
com.nextguidance.filesexplorer.filemanager.smartfiles.fragment.AnalysisDetailFragment
e: file:///D:/clonee/filemanager/Android%20Code/app/src/main/java/com/nextguidance/filesexplorer/filemanager/smartfiles
/fragment/AnalysisDetailFragment.kt:536:5 Conflicting overloads: private final fun updateSelectionTitle(count: Int): 
Unit defined in com.nextguidance.filesexplorer.filemanager.smartfiles.fragment.AnalysisDetailFragment, private final 
fun updateSelectionTitle(count: Int): Unit defined in 
com.nextguidance.filesexplorer.filemanager.smartfiles.fragment.AnalysisDetailFragment

FAILURE: Build failed with an exception.

* What went wrong:
Execution failed for task ':app:compileDebugKotlin'.
> A failure occurred while executing 
org.jetbrains.kotlin.compilerRunner.GradleCompilerRunnerWithWorkers$GradleKotlinCompilerWorkAction
   > Compilation error. See log for more details

* Try:
> Run with --stacktrace option to get the stack trace.
> Run with --info or --debug option to get more log output.
> Run with --scan to get full insights.
> Get more help at https://help.gradle.org.

Deprecated Gradle features were used in this build, making it incompatible with Gradle 9.0.

You can use '--warning-mode all' to show the individual deprecation warnings and determine if they come from your own scripts or plugins.

For more on this, please refer to https://docs.gradle.org/8.7/userguide/command_line_interface.html#sec:command_line_warnings in the Gradle documentation.

BUILD FAILED in 10s
15 actionable tasks: 1 executed, 14 up-to-date
