
> Configure project :app
WARNING: The option setting 'android.defaults.buildfeatures.buildconfig=true' is deprecated.
The current default is 'false'.
It will be removed in version 9.0 of the Android Gradle plugin.
To keep using this feature, add the following to your module-level build.gradle files:
    android.buildFeatures.buildConfig = true
or from Android Studio, click: `Refactor` > `Migrate BuildConfig to Gradle Build Files`.
WARNING: We recommend using a newer Android Gradle plugin to use compileSdk = 36

This Android Gradle plugin (8.6.1) was tested up to compileSdk = 35.

You are strongly encouraged to update your project to use a newer
Android Gradle plugin that has been tested with compileSdk = 36.

If you are already using the latest version of the Android Gradle plugin,
you may need to wait until a newer version with support for compileSdk = 36 is available.

For more information refer to the compatibility table:
https://d.android.com/r/tools/api-level-support

To suppress this warning, add/update
    android.suppressUnsupportedCompileSdk=36
to this project's gradle.properties.

> Task :app:checkKotlinGradlePluginConfigurationErrors SKIPPED
> Task :app:preBuild UP-TO-DATE
> Task :app:preDebugBuild UP-TO-DATE
> Task :app:generateDebugBuildConfig UP-TO-DATE
> Task :app:checkDebugAarMetadata UP-TO-DATE
> Task :app:generateDebugResValues UP-TO-DATE
> Task :app:injectCrashlyticsMappingFileIdDebug UP-TO-DATE
> Task :app:mapDebugSourceSetPaths UP-TO-DATE
> Task :app:generateDebugResources UP-TO-DATE
> Task :app:processDebugGoogleServices UP-TO-DATE
> Task :app:mergeDebugResources UP-TO-DATE
> Task :app:createDebugCompatibleScreenManifests UP-TO-DATE
> Task :app:extractDeepLinksDebug UP-TO-DATE
> Task :app:processDebugMainManifest UP-TO-DATE
> Task :app:processDebugManifest UP-TO-DATE
> Task :app:processDebugManifestForPackage UP-TO-DATE
> Task :app:processDebugResources UP-TO-DATE
> Task :app:compileDebugKotlin UP-TO-DATE
> Task :app:javaPreCompileDebug UP-TO-DATE

> Task :app:compileDebugJavaWithJavac
Java compiler version 21 has deprecated support for compiling with source/target version 8.
Try one of the following options:
    1. [Recommended] Use Java toolchain with a lower language version
    2. Set a higher source/target version
    3. Use a lower version of the JDK running the build (if you're not using Java toolchain)
For more details on how to configure these settings, see https://developer.android.com/build/jdks.
To suppress this warning, set android.javaCompile.suppressSourceTargetDeprecationWarning=true in gradle.properties.
./gradlew : warning: [options] source value 8 is obsolete and will be removed in a future release
At line:1 char:124
+ ... droid\Sdk"; ./gradlew compileDebugJavaWithJavac > compile_errors.txt  ...
+                 ~~~~~~~~~~~~~~~~~~~~~~~~~~~~~~~~~~~~~~~~~~~~~~~~~~~~~~~~~
    + CategoryInfo          : NotSpecified: (warning: [optio... future release:String) [], RemoteException
    + FullyQualifiedErrorId : NativeCommandError
 
warning: [options] target value 8 is obsolete and will be removed in a future release
warning: [options] To suppress warnings about obsolete options, use -Xlint:-options.
D:\clonee\filemanager\Android 
Code\app\src\main\java\com\nextguidance\filesexplorer\filemanager\smartfiles\fragment\CleanerResultFragment.java:183: 
error: cannot find symbol
            Log.e("CleanerResult", "Context is null, cannot load ad");
            ^
  symbol:   variable Log
  location: class CleanerResultFragment
D:\clonee\filemanager\Android 
Code\app\src\main\java\com\nextguidance\filesexplorer\filemanager\smartfiles\fragment\CleanerResultFragment.java:186: 
error: cannot find symbol
        Log.d("CleanerResult", "Starting to load interstitial ad");
        ^
  symbol:   variable Log
  location: class CleanerResultFragment
D:\clonee\filemanager\Android 
Code\app\src\main\java\com\nextguidance\filesexplorer\filemanager\smartfiles\fragment\CleanerResultFragment.java:192: 
error: cannot find symbol
                        Log.d("CleanerResult", "Ad loaded successfully");
                        ^
  symbol: variable Log
D:\clonee\filemanager\Android 
Code\app\src\main\java\com\nextguidance\filesexplorer\filemanager\smartfiles\fragment\CleanerResultFragment.java:198: 
error: cannot find symbol
                        Log.e("CleanerResult", "Ad failed to load: " + loadAdError.getMessage());
                        ^
  symbol: variable Log
D:\clonee\filemanager\Android 
Code\app\src\main\java\com\nextguidance\filesexplorer\filemanager\smartfiles\fragment\CleanerResultFragment.java:215: 
error: cannot find symbol
            Log.d("CleanerResult", "Showing interstitial ad");
            ^
  symbol:   variable Log
  location: class CleanerResultFragment
D:\clonee\filemanager\Android 
Code\app\src\main\java\com\nextguidance\filesexplorer\filemanager\smartfiles\fragment\CleanerResultFragment.java:219: 
error: cannot find symbol
                    Log.d("CleanerResult", "Ad dismissed");
                    ^
  symbol: variable Log
D:\clonee\filemanager\Android 
Code\app\src\main\java\com\nextguidance\filesexplorer\filemanager\smartfiles\fragment\CleanerResultFragment.java:229: 
error: cannot find symbol
                    Log.e("CleanerResult", "Ad failed to show: " + adError.getMessage());
                    ^
  symbol: variable Log
D:\clonee\filemanager\Android 
Code\app\src\main\java\com\nextguidance\filesexplorer\filemanager\smartfiles\fragment\CleanerResultFragment.java:238: 
error: cannot find symbol
            Log.d("CleanerResult", "Ad null, skipping to success");
            ^
  symbol:   variable Log
  location: class CleanerResultFragment
Note: Some input files use or override a deprecated API.
Note: Recompile with -Xlint:deprecation for details.
Note: Some input files use unchecked or unsafe operations.
Note: Recompile with -Xlint:unchecked for details.
8 errors
3 warnings

> Task :app:compileDebugJavaWithJavac FAILED

FAILURE: Build failed with an exception.

* What went wrong:
Execution failed for task ':app:compileDebugJavaWithJavac'.
> Compilation failed; see the compiler error output for details.

* Try:
> Run with --info option to get more log output.
> Run with --scan to get full insights.

Deprecated Gradle features were used in this build, making it incompatible with Gradle 9.0.

You can use '--warning-mode all' to show the individual deprecation warnings and determine if they come from your own scripts or plugins.

For more on this, please refer to https://docs.gradle.org/8.7/userguide/command_line_interface.html#sec:command_line_warnings in the Gradle documentation.

BUILD FAILED in 6s
17 actionable tasks: 1 executed, 16 up-to-date
